---
source: crates/rolldown_testing/src/integration_test.rs
---
# Assets

## entry.js

```js

// HIDDEN [rolldown:hmr]
//#region entry.js
var entry_exports = {};
const entry_hot = __rolldown_runtime__.createModuleHotContext("entry.js");
__rolldown_runtime__.registerModule("entry.js", { exports: entry_exports });
const content = "input\n";
console.log(content);

//#endregion
```
